// Jest Snapshot v1, https://goo.gl/fbAQLP

exports[`renders without throwing errors 1`] = `
Object {
  "asFragment": [Function],
  "baseElement": <body>
    <div>
      <div
        class="App__StyledApp-oine8m-0 gGdzqt"
      >
        <div
          class="Header__StyledHeader-sc-19c87cm-0 gRkUaE"
        >
          <a
            class="Header___StyledLink-sc-19c87cm-1 jdgJVX"
            href="/"
          >
            <h1>
              NASA 
              <span>
                Media Library
              </span>
            </h1>
          </a>
          <div
            class="SearchBar__StyledSearchBar-f1a6f2-0 dJDgne"
          >
            <form>
              <div
                class="SearchBarInput__StyledSearchBarInput-sc-17b1y68-0 URyXi"
              >
                <input
                  name="searchTerm"
                  placeholder="e.g. ISS"
                  type="text"
                  value=""
                />
                <button
                  type="submit"
                >
                  <span
                    aria-hidden="true"
                    class="fa fa-search"
                  />
                </button>
              </div>
              <label
                class="SearchBarCheckbox__StyledSearchBarCheckbox-vs5p6j-0 gslsDk"
              >
                Images
                <input
                  checked=""
                  name="searchImages"
                  type="checkbox"
                />
              </label>
              <label
                class="SearchBarCheckbox__StyledSearchBarCheckbox-vs5p6j-0 gslsDk"
              >
                Videos
                <input
                  name="searchVideos"
                  type="checkbox"
                />
              </label>
              <label
                class="SearchBarCheckbox__StyledSearchBarCheckbox-vs5p6j-0 gslsDk"
              >
                Audio
                <input
                  name="searchAudio"
                  type="checkbox"
                />
              </label>
            </form>
          </div>
        </div>
        <main
          class="App__StyledMain-oine8m-1 frUcWr"
        >
          <div
            class="Loading__StyledLoading-sc-119z7o2-0 kwZJmS"
          >
            <i
              class="fa fa-circle-o-notch fa-spin"
            />
          </div>
        </main>
      </div>
    </div>
  </body>,
  "container": <div>
    <div
      class="App__StyledApp-oine8m-0 gGdzqt"
    >
      <div
        class="Header__StyledHeader-sc-19c87cm-0 gRkUaE"
      >
        <a
          class="Header___StyledLink-sc-19c87cm-1 jdgJVX"
          href="/"
        >
          <h1>
            NASA 
            <span>
              Media Library
            </span>
          </h1>
        </a>
        <div
          class="SearchBar__StyledSearchBar-f1a6f2-0 dJDgne"
        >
          <form>
            <div
              class="SearchBarInput__StyledSearchBarInput-sc-17b1y68-0 URyXi"
            >
              <input
                name="searchTerm"
                placeholder="e.g. ISS"
                type="text"
                value=""
              />
              <button
                type="submit"
              >
                <span
                  aria-hidden="true"
                  class="fa fa-search"
                />
              </button>
            </div>
            <label
              class="SearchBarCheckbox__StyledSearchBarCheckbox-vs5p6j-0 gslsDk"
            >
              Images
              <input
                checked=""
                name="searchImages"
                type="checkbox"
              />
            </label>
            <label
              class="SearchBarCheckbox__StyledSearchBarCheckbox-vs5p6j-0 gslsDk"
            >
              Videos
              <input
                name="searchVideos"
                type="checkbox"
              />
            </label>
            <label
              class="SearchBarCheckbox__StyledSearchBarCheckbox-vs5p6j-0 gslsDk"
            >
              Audio
              <input
                name="searchAudio"
                type="checkbox"
              />
            </label>
          </form>
        </div>
      </div>
      <main
        class="App__StyledMain-oine8m-1 frUcWr"
      >
        <div
          class="Loading__StyledLoading-sc-119z7o2-0 kwZJmS"
        >
          <i
            class="fa fa-circle-o-notch fa-spin"
          />
        </div>
      </main>
    </div>
  </div>,
  "debug": [Function],
  "findAllByAltText": [Function],
  "findAllByDisplayValue": [Function],
  "findAllByLabelText": [Function],
  "findAllByPlaceholderText": [Function],
  "findAllByRole": [Function],
  "findAllByTestId": [Function],
  "findAllByText": [Function],
  "findAllByTitle": [Function],
  "findByAltText": [Function],
  "findByDisplayValue": [Function],
  "findByLabelText": [Function],
  "findByPlaceholderText": [Function],
  "findByRole": [Function],
  "findByTestId": [Function],
  "findByText": [Function],
  "findByTitle": [Function],
  "getAllByAltText": [Function],
  "getAllByDisplayValue": [Function],
  "getAllByLabelText": [Function],
  "getAllByPlaceholderText": [Function],
  "getAllByRole": [Function],
  "getAllByTestId": [Function],
  "getAllByText": [Function],
  "getAllByTitle": [Function],
  "getByAltText": [Function],
  "getByDisplayValue": [Function],
  "getByLabelText": [Function],
  "getByPlaceholderText": [Function],
  "getByRole": [Function],
  "getByTestId": [Function],
  "getByText": [Function],
  "getByTitle": [Function],
  "queryAllByAltText": [Function],
  "queryAllByDisplayValue": [Function],
  "queryAllByLabelText": [Function],
  "queryAllByPlaceholderText": [Function],
  "queryAllByRole": [Function],
  "queryAllByTestId": [Function],
  "queryAllByText": [Function],
  "queryAllByTitle": [Function],
  "queryByAltText": [Function],
  "queryByDisplayValue": [Function],
  "queryByLabelText": [Function],
  "queryByPlaceholderText": [Function],
  "queryByRole": [Function],
  "queryByTestId": [Function],
  "queryByText": [Function],
  "queryByTitle": [Function],
  "rerender": [Function],
  "unmount": [Function],
}
`;
